17:43:38 **** Incremental Build of configuration Debug for project DEMO ****
make -j20 all 
arm-none-eabi-gcc "../Core/Src/main.c" -mcpu=cortex-m4 -std=gnu11 -g3 -DUSE_HAL_DRIVER -DSTM32F411xE -DDEBUG -c -I../Drivers/CMSIS/Include -I../Drivers/STM32F4xx_HAL_Driver/Inc -I../Core/Inc -I../Drivers/CMSIS/Device/ST/STM32F4xx/Include -I../Drivers/STM32F4xx_HAL_Driver/Inc/Legacy -O0 -ffunction-sections -fdata-sections -Wall -fstack-usage -MMD -MP -MF"Core/Src/main.d" -MT"Core/Src/main.o" --specs=nano.specs -mfpu=fpv4-sp-d16 -mfloat-abi=hard -mthumb -o "Core/Src/main.o"
arm-none-eabi-g++ -o "DEMO.elf" @"objects.list"   -mcpu=cortex-m4 -T"C:\Users\15855\Desktop\bdb4290_RTOS\DEMO\STM32F411VETX_FLASH.ld" --specs=nosys.specs -Wl,-Map="DEMO.map" -Wl,--gc-sections -static --specs=nano.specs -mfpu=fpv4-sp-d16 -mfloat-abi=hard -mthumb -Wl,--start-group -lc -lm -lstdc++ -lsupc++ -Wl,--end-group
Finished building target: DEMO.elf
 
arm-none-eabi-objdump -h -S  DEMO.elf  > "DEMO.list"
arm-none-eabi-size   DEMO.elf 
   text	   data	    bss	    dec	    hex	filename
  11412	     20	   1884	  13316	   3404	DEMO.elf
Finished building: default.size.stdout
 
Finished building: DEMO.list
 

17:43:39 Build Finished. 0 errors, 0 warnings. (took 948ms)

