18:53:07 **** Incremental Build of configuration Debug for project Exercise12 ****
make -j20 all 
arm-none-eabi-gcc "../Core/Src/main.c" -mcpu=cortex-m4 -std=gnu11 -g3 -DUSE_HAL_DRIVER -DSTM32F411xE -DDEBUG -c -I../Middlewares/Third_Party/FreeRTOS/Source/include -I../Drivers/STM32F4xx_HAL_Driver/Inc -I../Drivers/CMSIS/Device/ST/STM32F4xx/Include -I../Drivers/STM32F4xx_HAL_Driver/Inc/Legacy -I../Middlewares/Third_Party/FreeRTOS/Source/portable/GCC/ARM_CM4F -I../Drivers/CMSIS/Include -I../Core/Inc -I../Middlewares/Third_Party/FreeRTOS/Source/CMSIS_RTOS -O0 -ffunction-sections -fdata-sections -Wall -fstack-usage -MMD -MP -MF"Core/Src/main.d" -MT"Core/Src/main.o" --specs=nano.specs -mfpu=fpv4-sp-d16 -mfloat-abi=hard -mthumb -o "Core/Src/main.o"
arm-none-eabi-g++ -o "Exercise12.elf" @"objects.list"   -mcpu=cortex-m4 -T"C:\Users\15855\Desktop\bdb4290_RTOS\Exercise12\STM32F411VETX_FLASH.ld" --specs=nosys.specs -Wl,-Map="Exercise12.map" -Wl,--gc-sections -static --specs=nano.specs -mfpu=fpv4-sp-d16 -mfloat-abi=hard -mthumb -Wl,--start-group -lc -lm -lstdc++ -lsupc++ -Wl,--end-group
Finished building target: Exercise12.elf
 
arm-none-eabi-objdump -h -S  Exercise12.elf  > "Exercise12.list"
arm-none-eabi-size   Exercise12.elf 
   text	   data	    bss	    dec	    hex	filename
  23604	     24	  18256	  41884	   a39c	Exercise12.elf
Finished building: default.size.stdout
 
Finished building: Exercise12.list
 

18:53:08 Build Finished. 0 errors, 0 warnings. (took 1s.28ms)

