23:00:12 **** Incremental Build of configuration Debug for project Experiment5 ****
make -j20 all 
arm-none-eabi-gcc "../Core/Src/main.c" -mcpu=cortex-m4 -std=gnu11 -g3 -DUSE_HAL_DRIVER -DSTM32F411xE -DDEBUG -c -I../Middlewares/Third_Party/FreeRTOS/Source/include -I../Middlewares/Third_Party/FreeRTOS/Source/portable/GCC/ARM_CM4F -I../Drivers/CMSIS/Include -I../Drivers/STM32F4xx_HAL_Driver/Inc -I../Core/Inc -I../Drivers/CMSIS/Device/ST/STM32F4xx/Include -I../Middlewares/Third_Party/FreeRTOS/Source/CMSIS_RTOS -I../Drivers/STM32F4xx_HAL_Driver/Inc/Legacy -O0 -ffunction-sections -fdata-sections -Wall -fstack-usage -MMD -MP -MF"Core/Src/main.d" -MT"Core/Src/main.o" --specs=nano.specs -mfpu=fpv4-sp-d16 -mfloat-abi=hard -mthumb -o "Core/Src/main.o"
arm-none-eabi-g++ -o "Experiment5.elf" @"objects.list"   -mcpu=cortex-m4 -T"C:\Users\15855\Desktop\bdb4290_RTOS\Experiment5\STM32F411VETX_FLASH.ld" --specs=nosys.specs -Wl,-Map="Experiment5.map" -Wl,--gc-sections -static --specs=nano.specs -mfpu=fpv4-sp-d16 -mfloat-abi=hard -mthumb -Wl,--start-group -lc -lm -lstdc++ -lsupc++ -Wl,--end-group
Finished building target: Experiment5.elf
 
arm-none-eabi-objdump -h -S  Experiment5.elf  > "Experiment5.list"
arm-none-eabi-size   Experiment5.elf 
   text	   data	    bss	    dec	    hex	filename
  25380	     28	  18956	  44364	   ad4c	Experiment5.elf
Finished building: default.size.stdout
 
Finished building: Experiment5.list
 

23:00:13 Build Finished. 0 errors, 0 warnings. (took 1s.35ms)

