main.c:86:5:main	104	static
main.c:173:6:SystemClock_Config	112	static
main.c:225:13:MX_I2C1_Init	8	static
main.c:259:13:MX_I2S2_Init	8	static
main.c:293:13:MX_I2S3_Init	8	static
main.c:327:13:MX_SPI1_Init	8	static
main.c:365:13:MX_USB_OTG_FS_HCD_Init	8	static
main.c:396:13:MX_GPIO_Init	56	static
main.c:469:6:Access_Function	16	static
main.c:492:6:StartGreenLEDTask	16	static
main.c:516:6:StartRedLEDTask	16	static
main.c:540:6:StartOrangeLEDTask	16	static
main.c:560:6:HAL_TIM_PeriodElapsedCallback	16	static
main.c:577:6:Error_Handler	4	static
