main.c:84:5:main	72	static
main.c:167:6:SystemClock_Config	112	static
main.c:219:13:MX_I2C1_Init	8	static
main.c:253:13:MX_I2S2_Init	8	static
main.c:287:13:MX_I2S3_Init	8	static
main.c:321:13:MX_SPI1_Init	8	static
main.c:359:13:MX_USB_OTG_FS_HCD_Init	8	static
main.c:390:13:MX_GPIO_Init	56	static
main.c:463:6:Access_Function	16	static
main.c:488:6:StartRedLEDask	16	static
main.c:513:6:StartGreenLEDTask	16	static
main.c:539:6:HAL_TIM_PeriodElapsedCallback	16	static
main.c:556:6:Error_Handler	4	static
