main.c:87:5:main	112	static
main.c:179:6:SystemClock_Config	112	static
main.c:231:13:MX_I2C1_Init	8	static
main.c:265:13:MX_I2S2_Init	8	static
main.c:299:13:MX_I2S3_Init	8	static
main.c:333:13:MX_SPI1_Init	8	static
main.c:371:13:MX_USB_OTG_FS_HCD_Init	8	static
main.c:402:13:MX_GPIO_Init	56	static
main.c:475:6:Access_Function	16	static
main.c:499:6:StartGreenLEDTask	16	static
main.c:523:6:StartRedLEDTask	16	static
main.c:547:6:StartOrangeLEDTask	16	static
main.c:567:6:HAL_TIM_PeriodElapsedCallback	16	static
main.c:584:6:Error_Handler	4	static
