main.c:84:5:main	112	static
main.c:175:6:SystemClock_Config	112	static
main.c:227:13:MX_I2C1_Init	8	static
main.c:261:13:MX_I2S2_Init	8	static
main.c:295:13:MX_I2S3_Init	8	static
main.c:329:13:MX_SPI1_Init	8	static
main.c:367:13:MX_GPIO_Init	56	static
main.c:453:6:AccessFunction	16	static
main.c:473:6:StartGreenLEDTask	24	static
main.c:497:6:StartRedLEDTask	24	static
main.c:522:6:StartOrangeLEDTask	24	static
main.c:547:6:HAL_TIM_PeriodElapsedCallback	16	static
main.c:564:6:Error_Handler	4	static
