main.c:84:5:main	112	static
main.c:175:6:SystemClock_Config	112	static
main.c:227:13:MX_I2C1_Init	8	static
main.c:261:13:MX_I2S2_Init	8	static
main.c:295:13:MX_I2S3_Init	8	static
main.c:329:13:MX_SPI1_Init	8	static
main.c:367:13:MX_GPIO_Init	56	static
main.c:454:6:AccessSharedData	16	static
main.c:479:6:StartGreenLEDTask	16	static
main.c:501:6:StartRedLEDTask	16	static
main.c:523:6:StartOrangeLEDTask	16	static
main.c:543:6:HAL_TIM_PeriodElapsedCallback	16	static
main.c:560:6:Error_Handler	4	static
